pipelines/AmpliconNoise/output_s60_c01_7_43 pipelines/AmpliconNoise/output_s60_c01_2_1,pipelines/AmpliconNoise/output_s60_c01_6_2,pipelines/AmpliconNoise/output_s60_c01_7_43,pipelines/AmpliconNoise/output_s60_c01_18_6,pipelines/AmpliconNoise/output_s60_c01_37_1,pipelines/AmpliconNoise/output_s60_c01_38_1,pipelines/AmpliconNoise/output_s60_c01_39_1
pipelines/AmpliconNoise/output_s60_c01_19_5 pipelines/AmpliconNoise/output_s60_c01_0_1,pipelines/AmpliconNoise/output_s60_c01_1_2,pipelines/AmpliconNoise/output_s60_c01_3_1,pipelines/AmpliconNoise/output_s60_c01_4_2,pipelines/AmpliconNoise/output_s60_c01_5_1,pipelines/AmpliconNoise/output_s60_c01_8_1,pipelines/AmpliconNoise/output_s60_c01_9_1,pipelines/AmpliconNoise/output_s60_c01_10_1,pipelines/AmpliconNoise/output_s60_c01_11_31,pipelines/AmpliconNoise/output_s60_c01_12_1,pipelines/AmpliconNoise/output_s60_c01_13_1,pipelines/AmpliconNoise/output_s60_c01_14_1,pipelines/AmpliconNoise/output_s60_c01_15_1,pipelines/AmpliconNoise/output_s60_c01_16_1,pipelines/AmpliconNoise/output_s60_c01_17_7,pipelines/AmpliconNoise/output_s60_c01_19_5,pipelines/AmpliconNoise/output_s60_c01_20_1,pipelines/AmpliconNoise/output_s60_c01_21_1,pipelines/AmpliconNoise/output_s60_c01_22_1,pipelines/AmpliconNoise/output_s60_c01_23_1,pipelines/AmpliconNoise/output_s60_c01_24_1,pipelines/AmpliconNoise/output_s60_c01_25_1,pipelines/AmpliconNoise/output_s60_c01_26_1,pipelines/AmpliconNoise/output_s60_c01_27_1,pipelines/AmpliconNoise/output_s60_c01_28_1,pipelines/AmpliconNoise/output_s60_c01_29_72,pipelines/AmpliconNoise/output_s60_c01_30_1,pipelines/AmpliconNoise/output_s60_c01_31_1,pipelines/AmpliconNoise/output_s60_c01_32_1,pipelines/AmpliconNoise/output_s60_c01_33_36,pipelines/AmpliconNoise/output_s60_c01_34_1,pipelines/AmpliconNoise/output_s60_c01_35_1,pipelines/AmpliconNoise/output_s60_c01_36_1
pipelines/AmpliconNoise/output_s60_c01_40_1 pipelines/AmpliconNoise/output_s60_c01_40_1,pipelines/AmpliconNoise/output_s60_c01_52_1,pipelines/AmpliconNoise/output_s60_c01_53_12
pipelines/AmpliconNoise/output_s60_c01_55_15 pipelines/AmpliconNoise/output_s60_c01_41_1,pipelines/AmpliconNoise/output_s60_c01_54_1,pipelines/AmpliconNoise/output_s60_c01_55_15
pipelines/AmpliconNoise/output_s60_c01_44_5 pipelines/AmpliconNoise/output_s60_c01_42_1,pipelines/AmpliconNoise/output_s60_c01_43_1,pipelines/AmpliconNoise/output_s60_c01_44_5,pipelines/AmpliconNoise/output_s60_c01_45_1,pipelines/AmpliconNoise/output_s60_c01_46_1,pipelines/AmpliconNoise/output_s60_c01_47_3,pipelines/AmpliconNoise/output_s60_c01_56_2
pipelines/AmpliconNoise/output_s60_c01_48_17 pipelines/AmpliconNoise/output_s60_c01_48_17,pipelines/AmpliconNoise/output_s60_c01_49_2,pipelines/AmpliconNoise/output_s60_c01_50_1,pipelines/AmpliconNoise/output_s60_c01_51_1
pipelines/AmpliconNoise/output_s60_c01_58_168 pipelines/AmpliconNoise/output_s60_c01_58_168,pipelines/AmpliconNoise/output_s60_c01_61_1,pipelines/AmpliconNoise/output_s60_c01_64_1,pipelines/AmpliconNoise/output_s60_c01_69_1,pipelines/AmpliconNoise/output_s60_c01_71_1,pipelines/AmpliconNoise/output_s60_c01_72_2,pipelines/AmpliconNoise/output_s60_c01_74_1,pipelines/AmpliconNoise/output_s60_c01_77_1,pipelines/AmpliconNoise/output_s60_c01_78_2,pipelines/AmpliconNoise/output_s60_c01_79_1,pipelines/AmpliconNoise/output_s60_c01_80_1,pipelines/AmpliconNoise/output_s60_c01_82_1,pipelines/AmpliconNoise/output_s60_c01_83_1,pipelines/AmpliconNoise/output_s60_c01_84_2,pipelines/AmpliconNoise/output_s60_c01_87_1,pipelines/AmpliconNoise/output_s60_c01_88_1,pipelines/AmpliconNoise/output_s60_c01_89_2,pipelines/AmpliconNoise/output_s60_c01_92_3,pipelines/AmpliconNoise/output_s60_c01_97_2,pipelines/AmpliconNoise/output_s60_c01_98_1,pipelines/AmpliconNoise/output_s60_c01_102_1,pipelines/AmpliconNoise/output_s60_c01_103_1,pipelines/AmpliconNoise/output_s60_c01_104_1,pipelines/AmpliconNoise/output_s60_c01_105_1,pipelines/AmpliconNoise/output_s60_c01_106_2,pipelines/AmpliconNoise/output_s60_c01_107_1,pipelines/AmpliconNoise/output_s60_c01_108_4,pipelines/AmpliconNoise/output_s60_c01_109_1,pipelines/AmpliconNoise/output_s60_c01_110_1,pipelines/AmpliconNoise/output_s60_c01_111_2,pipelines/AmpliconNoise/output_s60_c01_112_1,pipelines/AmpliconNoise/output_s60_c01_113_1,pipelines/AmpliconNoise/output_s60_c01_114_1,pipelines/AmpliconNoise/output_s60_c01_115_2,pipelines/AmpliconNoise/output_s60_c01_116_1,pipelines/AmpliconNoise/output_s60_c01_117_3,pipelines/AmpliconNoise/output_s60_c01_119_1,pipelines/AmpliconNoise/output_s60_c01_123_1,pipelines/AmpliconNoise/output_s60_c01_128_98,pipelines/AmpliconNoise/output_s60_c01_142_1,pipelines/AmpliconNoise/output_s60_c01_143_1,pipelines/AmpliconNoise/output_s60_c01_144_1,pipelines/AmpliconNoise/output_s60_c01_145_1,pipelines/AmpliconNoise/output_s60_c01_146_1,pipelines/AmpliconNoise/output_s60_c01_147_1,pipelines/AmpliconNoise/output_s60_c01_148_1,pipelines/AmpliconNoise/output_s60_c01_149_1,pipelines/AmpliconNoise/output_s60_c01_150_1,pipelines/AmpliconNoise/output_s60_c01_151_1,pipelines/AmpliconNoise/output_s60_c01_152_1
pipelines/AmpliconNoise/output_s60_c01_126_1 pipelines/AmpliconNoise/output_s60_c01_57_1,pipelines/AmpliconNoise/output_s60_c01_59_1,pipelines/AmpliconNoise/output_s60_c01_60_1,pipelines/AmpliconNoise/output_s60_c01_62_1,pipelines/AmpliconNoise/output_s60_c01_63_1,pipelines/AmpliconNoise/output_s60_c01_65_1,pipelines/AmpliconNoise/output_s60_c01_66_1,pipelines/AmpliconNoise/output_s60_c01_67_1,pipelines/AmpliconNoise/output_s60_c01_68_1,pipelines/AmpliconNoise/output_s60_c01_70_1,pipelines/AmpliconNoise/output_s60_c01_73_1,pipelines/AmpliconNoise/output_s60_c01_75_1,pipelines/AmpliconNoise/output_s60_c01_76_1,pipelines/AmpliconNoise/output_s60_c01_81_1,pipelines/AmpliconNoise/output_s60_c01_85_1,pipelines/AmpliconNoise/output_s60_c01_86_1,pipelines/AmpliconNoise/output_s60_c01_90_1,pipelines/AmpliconNoise/output_s60_c01_91_1,pipelines/AmpliconNoise/output_s60_c01_93_1,pipelines/AmpliconNoise/output_s60_c01_94_2,pipelines/AmpliconNoise/output_s60_c01_95_1,pipelines/AmpliconNoise/output_s60_c01_96_1,pipelines/AmpliconNoise/output_s60_c01_99_55,pipelines/AmpliconNoise/output_s60_c01_100_1,pipelines/AmpliconNoise/output_s60_c01_101_1,pipelines/AmpliconNoise/output_s60_c01_118_2,pipelines/AmpliconNoise/output_s60_c01_120_1,pipelines/AmpliconNoise/output_s60_c01_121_1,pipelines/AmpliconNoise/output_s60_c01_122_2,pipelines/AmpliconNoise/output_s60_c01_124_1,pipelines/AmpliconNoise/output_s60_c01_125_1,pipelines/AmpliconNoise/output_s60_c01_126_1,pipelines/AmpliconNoise/output_s60_c01_127_1,pipelines/AmpliconNoise/output_s60_c01_129_120,pipelines/AmpliconNoise/output_s60_c01_130_5,pipelines/AmpliconNoise/output_s60_c01_131_1,pipelines/AmpliconNoise/output_s60_c01_132_1,pipelines/AmpliconNoise/output_s60_c01_133_1,pipelines/AmpliconNoise/output_s60_c01_134_3,pipelines/AmpliconNoise/output_s60_c01_135_3,pipelines/AmpliconNoise/output_s60_c01_136_1,pipelines/AmpliconNoise/output_s60_c01_137_1,pipelines/AmpliconNoise/output_s60_c01_138_2,pipelines/AmpliconNoise/output_s60_c01_139_1,pipelines/AmpliconNoise/output_s60_c01_140_1,pipelines/AmpliconNoise/output_s60_c01_141_3,pipelines/AmpliconNoise/output_s60_c01_153_1
pipelines/AmpliconNoise/output_s60_c01_172_22 pipelines/AmpliconNoise/output_s60_c01_154_1,pipelines/AmpliconNoise/output_s60_c01_155_1,pipelines/AmpliconNoise/output_s60_c01_158_1,pipelines/AmpliconNoise/output_s60_c01_159_1,pipelines/AmpliconNoise/output_s60_c01_160_1,pipelines/AmpliconNoise/output_s60_c01_170_1,pipelines/AmpliconNoise/output_s60_c01_171_1,pipelines/AmpliconNoise/output_s60_c01_172_22,pipelines/AmpliconNoise/output_s60_c01_173_1,pipelines/AmpliconNoise/output_s60_c01_174_1
pipelines/AmpliconNoise/output_s60_c01_157_21 pipelines/AmpliconNoise/output_s60_c01_156_1,pipelines/AmpliconNoise/output_s60_c01_157_21,pipelines/AmpliconNoise/output_s60_c01_161_3,pipelines/AmpliconNoise/output_s60_c01_162_1,pipelines/AmpliconNoise/output_s60_c01_163_13,pipelines/AmpliconNoise/output_s60_c01_164_1,pipelines/AmpliconNoise/output_s60_c01_165_21,pipelines/AmpliconNoise/output_s60_c01_166_1,pipelines/AmpliconNoise/output_s60_c01_167_1,pipelines/AmpliconNoise/output_s60_c01_168_1,pipelines/AmpliconNoise/output_s60_c01_169_1
pipelines/AmpliconNoise/output_s60_c01_175_1 pipelines/AmpliconNoise/output_s60_c01_175_1
pipelines/AmpliconNoise/output_s60_c01_193_74 pipelines/AmpliconNoise/output_s60_c01_176_1,pipelines/AmpliconNoise/output_s60_c01_178_1,pipelines/AmpliconNoise/output_s60_c01_182_1,pipelines/AmpliconNoise/output_s60_c01_183_44,pipelines/AmpliconNoise/output_s60_c01_184_2,pipelines/AmpliconNoise/output_s60_c01_191_2,pipelines/AmpliconNoise/output_s60_c01_193_74,pipelines/AmpliconNoise/output_s60_c01_207_1,pipelines/AmpliconNoise/output_s60_c01_208_1,pipelines/AmpliconNoise/output_s60_c01_209_1,pipelines/AmpliconNoise/output_s60_c01_210_3,pipelines/AmpliconNoise/output_s60_c01_222_1,pipelines/AmpliconNoise/output_s60_c01_223_1,pipelines/AmpliconNoise/output_s60_c01_224_1,pipelines/AmpliconNoise/output_s60_c01_225_1,pipelines/AmpliconNoise/output_s60_c01_226_1,pipelines/AmpliconNoise/output_s60_c01_227_3,pipelines/AmpliconNoise/output_s60_c01_228_1,pipelines/AmpliconNoise/output_s60_c01_229_2,pipelines/AmpliconNoise/output_s60_c01_230_1,pipelines/AmpliconNoise/output_s60_c01_231_1,pipelines/AmpliconNoise/output_s60_c01_232_1,pipelines/AmpliconNoise/output_s60_c01_233_4,pipelines/AmpliconNoise/output_s60_c01_234_1
pipelines/AmpliconNoise/output_s60_c01_187_109 pipelines/AmpliconNoise/output_s60_c01_179_1,pipelines/AmpliconNoise/output_s60_c01_180_1,pipelines/AmpliconNoise/output_s60_c01_181_1,pipelines/AmpliconNoise/output_s60_c01_185_1,pipelines/AmpliconNoise/output_s60_c01_186_1,pipelines/AmpliconNoise/output_s60_c01_187_109,pipelines/AmpliconNoise/output_s60_c01_188_8,pipelines/AmpliconNoise/output_s60_c01_192_1,pipelines/AmpliconNoise/output_s60_c01_195_1,pipelines/AmpliconNoise/output_s60_c01_196_1,pipelines/AmpliconNoise/output_s60_c01_197_1,pipelines/AmpliconNoise/output_s60_c01_200_1,pipelines/AmpliconNoise/output_s60_c01_201_1,pipelines/AmpliconNoise/output_s60_c01_211_1,pipelines/AmpliconNoise/output_s60_c01_212_1,pipelines/AmpliconNoise/output_s60_c01_213_1,pipelines/AmpliconNoise/output_s60_c01_214_1,pipelines/AmpliconNoise/output_s60_c01_215_1,pipelines/AmpliconNoise/output_s60_c01_216_2,pipelines/AmpliconNoise/output_s60_c01_217_1,pipelines/AmpliconNoise/output_s60_c01_218_1,pipelines/AmpliconNoise/output_s60_c01_219_1,pipelines/AmpliconNoise/output_s60_c01_220_1,pipelines/AmpliconNoise/output_s60_c01_221_2
pipelines/AmpliconNoise/output_s60_c01_198_75 pipelines/AmpliconNoise/output_s60_c01_177_1,pipelines/AmpliconNoise/output_s60_c01_189_2,pipelines/AmpliconNoise/output_s60_c01_190_1,pipelines/AmpliconNoise/output_s60_c01_194_1,pipelines/AmpliconNoise/output_s60_c01_198_75,pipelines/AmpliconNoise/output_s60_c01_199_3,pipelines/AmpliconNoise/output_s60_c01_202_1,pipelines/AmpliconNoise/output_s60_c01_203_1,pipelines/AmpliconNoise/output_s60_c01_204_1,pipelines/AmpliconNoise/output_s60_c01_205_1,pipelines/AmpliconNoise/output_s60_c01_206_1,pipelines/AmpliconNoise/output_s60_c01_235_2
pipelines/AmpliconNoise/output_s60_c01_264_111 pipelines/AmpliconNoise/output_s60_c01_238_1,pipelines/AmpliconNoise/output_s60_c01_239_1,pipelines/AmpliconNoise/output_s60_c01_240_1,pipelines/AmpliconNoise/output_s60_c01_241_2,pipelines/AmpliconNoise/output_s60_c01_242_1,pipelines/AmpliconNoise/output_s60_c01_243_3,pipelines/AmpliconNoise/output_s60_c01_244_1,pipelines/AmpliconNoise/output_s60_c01_251_3,pipelines/AmpliconNoise/output_s60_c01_252_1,pipelines/AmpliconNoise/output_s60_c01_254_1,pipelines/AmpliconNoise/output_s60_c01_255_3,pipelines/AmpliconNoise/output_s60_c01_256_1,pipelines/AmpliconNoise/output_s60_c01_257_1,pipelines/AmpliconNoise/output_s60_c01_258_3,pipelines/AmpliconNoise/output_s60_c01_259_61,pipelines/AmpliconNoise/output_s60_c01_262_1,pipelines/AmpliconNoise/output_s60_c01_263_1,pipelines/AmpliconNoise/output_s60_c01_264_111,pipelines/AmpliconNoise/output_s60_c01_265_1,pipelines/AmpliconNoise/output_s60_c01_269_1,pipelines/AmpliconNoise/output_s60_c01_271_2,pipelines/AmpliconNoise/output_s60_c01_273_2,pipelines/AmpliconNoise/output_s60_c01_274_1,pipelines/AmpliconNoise/output_s60_c01_275_1,pipelines/AmpliconNoise/output_s60_c01_290_1,pipelines/AmpliconNoise/output_s60_c01_291_1,pipelines/AmpliconNoise/output_s60_c01_292_1,pipelines/AmpliconNoise/output_s60_c01_293_2,pipelines/AmpliconNoise/output_s60_c01_294_1,pipelines/AmpliconNoise/output_s60_c01_295_2,pipelines/AmpliconNoise/output_s60_c01_296_2,pipelines/AmpliconNoise/output_s60_c01_297_1,pipelines/AmpliconNoise/output_s60_c01_298_1,pipelines/AmpliconNoise/output_s60_c01_299_2,pipelines/AmpliconNoise/output_s60_c01_300_1,pipelines/AmpliconNoise/output_s60_c01_301_3
pipelines/AmpliconNoise/output_s60_c01_260_87 pipelines/AmpliconNoise/output_s60_c01_236_1,pipelines/AmpliconNoise/output_s60_c01_237_1,pipelines/AmpliconNoise/output_s60_c01_245_1,pipelines/AmpliconNoise/output_s60_c01_246_1,pipelines/AmpliconNoise/output_s60_c01_247_1,pipelines/AmpliconNoise/output_s60_c01_248_1,pipelines/AmpliconNoise/output_s60_c01_249_1,pipelines/AmpliconNoise/output_s60_c01_250_1,pipelines/AmpliconNoise/output_s60_c01_253_1,pipelines/AmpliconNoise/output_s60_c01_260_87,pipelines/AmpliconNoise/output_s60_c01_261_1,pipelines/AmpliconNoise/output_s60_c01_266_1,pipelines/AmpliconNoise/output_s60_c01_267_1,pipelines/AmpliconNoise/output_s60_c01_268_38,pipelines/AmpliconNoise/output_s60_c01_270_1,pipelines/AmpliconNoise/output_s60_c01_272_1,pipelines/AmpliconNoise/output_s60_c01_276_1,pipelines/AmpliconNoise/output_s60_c01_277_1,pipelines/AmpliconNoise/output_s60_c01_278_1,pipelines/AmpliconNoise/output_s60_c01_279_1,pipelines/AmpliconNoise/output_s60_c01_280_1,pipelines/AmpliconNoise/output_s60_c01_281_1,pipelines/AmpliconNoise/output_s60_c01_282_1,pipelines/AmpliconNoise/output_s60_c01_283_1,pipelines/AmpliconNoise/output_s60_c01_284_1,pipelines/AmpliconNoise/output_s60_c01_285_1,pipelines/AmpliconNoise/output_s60_c01_286_1,pipelines/AmpliconNoise/output_s60_c01_287_1,pipelines/AmpliconNoise/output_s60_c01_288_2,pipelines/AmpliconNoise/output_s60_c01_289_1
pipelines/AmpliconNoise/output_s60_c01_304_76 pipelines/AmpliconNoise/output_s60_c01_304_76,pipelines/AmpliconNoise/output_s60_c01_305_1,pipelines/AmpliconNoise/output_s60_c01_310_1,pipelines/AmpliconNoise/output_s60_c01_312_1,pipelines/AmpliconNoise/output_s60_c01_313_1,pipelines/AmpliconNoise/output_s60_c01_314_1,pipelines/AmpliconNoise/output_s60_c01_315_1,pipelines/AmpliconNoise/output_s60_c01_319_1,pipelines/AmpliconNoise/output_s60_c01_322_36,pipelines/AmpliconNoise/output_s60_c01_324_1,pipelines/AmpliconNoise/output_s60_c01_325_1,pipelines/AmpliconNoise/output_s60_c01_326_1,pipelines/AmpliconNoise/output_s60_c01_327_1,pipelines/AmpliconNoise/output_s60_c01_330_1,pipelines/AmpliconNoise/output_s60_c01_331_1,pipelines/AmpliconNoise/output_s60_c01_332_1,pipelines/AmpliconNoise/output_s60_c01_345_6,pipelines/AmpliconNoise/output_s60_c01_346_1,pipelines/AmpliconNoise/output_s60_c01_347_1,pipelines/AmpliconNoise/output_s60_c01_348_1,pipelines/AmpliconNoise/output_s60_c01_349_1,pipelines/AmpliconNoise/output_s60_c01_350_1,pipelines/AmpliconNoise/output_s60_c01_351_2,pipelines/AmpliconNoise/output_s60_c01_352_1,pipelines/AmpliconNoise/output_s60_c01_353_1,pipelines/AmpliconNoise/output_s60_c01_354_1,pipelines/AmpliconNoise/output_s60_c01_355_1,pipelines/AmpliconNoise/output_s60_c01_356_1,pipelines/AmpliconNoise/output_s60_c01_357_1,pipelines/AmpliconNoise/output_s60_c01_358_1,pipelines/AmpliconNoise/output_s60_c01_359_2,pipelines/AmpliconNoise/output_s60_c01_360_1,pipelines/AmpliconNoise/output_s60_c01_361_1
pipelines/AmpliconNoise/output_s60_c01_316_1 pipelines/AmpliconNoise/output_s60_c01_302_1,pipelines/AmpliconNoise/output_s60_c01_303_1,pipelines/AmpliconNoise/output_s60_c01_306_1,pipelines/AmpliconNoise/output_s60_c01_307_2,pipelines/AmpliconNoise/output_s60_c01_308_1,pipelines/AmpliconNoise/output_s60_c01_309_1,pipelines/AmpliconNoise/output_s60_c01_311_60,pipelines/AmpliconNoise/output_s60_c01_316_1,pipelines/AmpliconNoise/output_s60_c01_317_1,pipelines/AmpliconNoise/output_s60_c01_318_124,pipelines/AmpliconNoise/output_s60_c01_320_1,pipelines/AmpliconNoise/output_s60_c01_321_6,pipelines/AmpliconNoise/output_s60_c01_323_1,pipelines/AmpliconNoise/output_s60_c01_328_1,pipelines/AmpliconNoise/output_s60_c01_329_1,pipelines/AmpliconNoise/output_s60_c01_333_1,pipelines/AmpliconNoise/output_s60_c01_334_1,pipelines/AmpliconNoise/output_s60_c01_335_1,pipelines/AmpliconNoise/output_s60_c01_336_1,pipelines/AmpliconNoise/output_s60_c01_337_1,pipelines/AmpliconNoise/output_s60_c01_338_2,pipelines/AmpliconNoise/output_s60_c01_339_1,pipelines/AmpliconNoise/output_s60_c01_340_1,pipelines/AmpliconNoise/output_s60_c01_341_1,pipelines/AmpliconNoise/output_s60_c01_342_1,pipelines/AmpliconNoise/output_s60_c01_343_4,pipelines/AmpliconNoise/output_s60_c01_344_1,pipelines/AmpliconNoise/output_s60_c01_362_1,pipelines/AmpliconNoise/output_s60_c01_363_1,pipelines/AmpliconNoise/output_s60_c01_364_1
pipelines/AmpliconNoise/output_s60_c01_365_2 pipelines/AmpliconNoise/output_s60_c01_365_2
